------------------------------------------------------------
Timing Analyzer Summary
------------------------------------------------------------

Type  : Slow 1100mV 85C Model Setup 'KEY[0]'
Slack : -5.627
TNS   : -774.052

Type  : Slow 1100mV 85C Model Hold 'KEY[0]'
Slack : 0.275
TNS   : 0.000

Type  : Slow 1100mV 85C Model Minimum Pulse Width 'KEY[0]'
Slack : -0.394
TNS   : -123.076

Type  : Slow 1100mV 85C Model Minimum Pulse Width 'CLOCK_50'
Slack : -0.394
TNS   : -8.456

Type  : Slow 1100mV 0C Model Setup 'KEY[0]'
Slack : -5.499
TNS   : -737.622

Type  : Slow 1100mV 0C Model Hold 'KEY[0]'
Slack : 0.334
TNS   : 0.000

Type  : Slow 1100mV 0C Model Minimum Pulse Width 'KEY[0]'
Slack : -0.394
TNS   : -114.607

Type  : Slow 1100mV 0C Model Minimum Pulse Width 'CLOCK_50'
Slack : -0.394
TNS   : -8.987

Type  : Fast 1100mV 85C Model Setup 'KEY[0]'
Slack : -3.774
TNS   : -365.204

Type  : Fast 1100mV 85C Model Hold 'KEY[0]'
Slack : 0.158
TNS   : 0.000

Type  : Fast 1100mV 85C Model Minimum Pulse Width 'KEY[0]'
Slack : -0.318
TNS   : -64.424

Type  : Fast 1100mV 85C Model Minimum Pulse Width 'CLOCK_50'
Slack : -0.092
TNS   : -1.452

Type  : Fast 1100mV 0C Model Setup 'KEY[0]'
Slack : -3.121
TNS   : -308.765

Type  : Fast 1100mV 0C Model Hold 'KEY[0]'
Slack : 0.165
TNS   : 0.000

Type  : Fast 1100mV 0C Model Minimum Pulse Width 'KEY[0]'
Slack : -0.316
TNS   : -63.350

Type  : Fast 1100mV 0C Model Minimum Pulse Width 'CLOCK_50'
Slack : -0.090
TNS   : -1.407

------------------------------------------------------------
